// Jest Snapshot v1, https://goo.gl/fbAQLP

exports[`HomeSection should render with any given props 1`] = `
<section
  uk-scrollspy="cls:uk-animation-fade"
>
  <div
    className="uk-container"
  >
    <div>
      <div />
      <div>
        <img />
      </div>
    </div>
  </div>
</section>
`;
